Archive member included because of file (symbol)

/usr/lib/gcc/avr/4.5.3/avr25/libgcc.a(_exit.o)
                              /usr/lib/gcc/avr/4.5.3/../../../avr/lib/avr25/crttn85.o (exit)
/usr/lib/gcc/avr/4.5.3/avr25/libgcc.a(_copy_data.o)
                              ./vwire.o (__do_copy_data)
/usr/lib/gcc/avr/4.5.3/avr25/libgcc.a(_clear_bss.o)
                              ./rf-node-tx-simple.o (__do_clear_bss)
/usr/lib/gcc/avr/4.5.3/../../../avr/lib/avr25/libc.a(memcpy.o)
                              ./vwire.o (memcpy)

Allocating common symbols
Common symbol       size              file

msg                 0x1b              ./rf-node-tx-simple.o
delay_counter       0x4               ./rf-node-tx-simple.o

Memory Configuration

Name             Origin             Length             Attributes
text             0x00000000         0x00002000         xr
data             0x00800060         0x0000ffa0         rw !x
eeprom           0x00810000         0x00010000         rw !x
fuse             0x00820000         0x00000400         rw !x
lock             0x00830000         0x00000400         rw !x
signature        0x00840000         0x00000400         rw !x
*default*        0x00000000         0xffffffff

Linker script and memory map

LOAD /usr/lib/gcc/avr/4.5.3/../../../avr/lib/avr25/crttn85.o
LOAD ./rf-node-tx-simple.o
LOAD ./rf-node.o
LOAD ./vwire.o
LOAD /usr/lib/gcc/avr/4.5.3/avr25/libgcc.a
LOAD /usr/lib/gcc/avr/4.5.3/../../../avr/lib/avr25/libm.a
LOAD /usr/lib/gcc/avr/4.5.3/avr25/libgcc.a
LOAD /usr/lib/gcc/avr/4.5.3/../../../avr/lib/avr25/libc.a
LOAD /usr/lib/gcc/avr/4.5.3/avr25/libgcc.a

.hash
 *(.hash)

.dynsym
 *(.dynsym)

.dynstr
 *(.dynstr)

.gnu.version
 *(.gnu.version)

.gnu.version_d
 *(.gnu.version_d)

.gnu.version_r
 *(.gnu.version_r)

.rel.init
 *(.rel.init)

.rela.init
 *(.rela.init)

.rel.text
 *(.rel.text)
 *(.rel.text.*)
 *(.rel.gnu.linkonce.t*)

.rela.text
 *(.rela.text)
 *(.rela.text.*)
 *(.rela.gnu.linkonce.t*)

.rel.fini
 *(.rel.fini)

.rela.fini
 *(.rela.fini)

.rel.rodata
 *(.rel.rodata)
 *(.rel.rodata.*)
 *(.rel.gnu.linkonce.r*)

.rela.rodata
 *(.rela.rodata)
 *(.rela.rodata.*)
 *(.rela.gnu.linkonce.r*)

.rel.data
 *(.rel.data)
 *(.rel.data.*)
 *(.rel.gnu.linkonce.d*)

.rela.data
 *(.rela.data)
 *(.rela.data.*)
 *(.rela.gnu.linkonce.d*)

.rel.ctors
 *(.rel.ctors)

.rela.ctors
 *(.rela.ctors)

.rel.dtors
 *(.rel.dtors)

.rela.dtors
 *(.rela.dtors)

.rel.got
 *(.rel.got)

.rela.got
 *(.rela.got)

.rel.bss
 *(.rel.bss)

.rela.bss
 *(.rela.bss)

.rel.plt
 *(.rel.plt)

.rela.plt
 *(.rela.plt)

.text           0x00000000      0x74a
 *(.vectors)
 .vectors       0x00000000       0x1e /usr/lib/gcc/avr/4.5.3/../../../avr/lib/avr25/crttn85.o
                0x00000000                __vectors
                0x00000000                __vector_default
 *(.vectors)
 *(.progmem.gcc*)
 *(.progmem*)
                0x0000001e                . = ALIGN (0x2)
                0x0000001e                __trampolines_start = .
 *(.trampolines)
 .trampolines   0x0000001e        0x0 linker stubs
 *(.trampolines*)
                0x0000001e                __trampolines_end = .
 *(.jumptables)
 *(.jumptables*)
 *(.lowtext)
 *(.lowtext*)
                0x0000001e                __ctors_start = .
 *(.ctors)
                0x0000001e                __ctors_end = .
                0x0000001e                __dtors_start = .
 *(.dtors)
                0x0000001e                __dtors_end = .
 SORT(*)(.ctors)
 SORT(*)(.dtors)
 *(.init0)
 .init0         0x0000001e        0x0 /usr/lib/gcc/avr/4.5.3/../../../avr/lib/avr25/crttn85.o
                0x0000001e                __init
 *(.init0)
 *(.init1)
 *(.init1)
 *(.init2)
 .init2         0x0000001e        0xc /usr/lib/gcc/avr/4.5.3/../../../avr/lib/avr25/crttn85.o
 *(.init2)
 *(.init3)
 *(.init3)
 *(.init4)
 .init4         0x0000002a       0x16 /usr/lib/gcc/avr/4.5.3/avr25/libgcc.a(_copy_data.o)
                0x0000002a                __do_copy_data
 .init4         0x00000040       0x10 /usr/lib/gcc/avr/4.5.3/avr25/libgcc.a(_clear_bss.o)
                0x00000040                __do_clear_bss
 *(.init4)
 *(.init5)
 *(.init5)
 *(.init6)
 *(.init6)
 *(.init7)
 *(.init7)
 *(.init8)
 *(.init8)
 *(.init9)
 .init9         0x00000050        0x4 /usr/lib/gcc/avr/4.5.3/../../../avr/lib/avr25/crttn85.o
 *(.init9)
 *(.text)
 .text          0x00000054        0x2 /usr/lib/gcc/avr/4.5.3/../../../avr/lib/avr25/crttn85.o
                0x00000054                __vector_1
                0x00000054                __vector_12
                0x00000054                __bad_interrupt
                0x00000054                __vector_6
                0x00000054                __vector_3
                0x00000054                __vector_11
                0x00000054                __vector_13
                0x00000054                __vector_7
                0x00000054                __vector_5
                0x00000054                __vector_4
                0x00000054                __vector_9
                0x00000054                __vector_2
                0x00000054                __vector_8
                0x00000054                __vector_14
 .text          0x00000056      0x106 ./rf-node-tx-simple.o
                0x00000056                main
 .text          0x0000015c      0x150 ./rf-node.o
 .text          0x000002ac      0x488 ./vwire.o
                0x000002d4                vw_crc
                0x000002fc                vw_symbol_6to4
                0x00000314                vw_pll
                0x00000456                vw_setup
                0x0000046e                vw_tx_start
                0x00000486                vw_tx_stop
                0x00000494                vw_rx_start
                0x000004a8                vw_rx_stop
                0x000004ae                vw_tx_active
                0x000004b4                vw_wait_tx
                0x000004be                vw_send
                0x000005f0                __vector_10
                0x000006dc                vw_have_message
                0x000006e2                vw_get_message
 .text          0x00000734        0x0 /usr/lib/gcc/avr/4.5.3/avr25/libgcc.a(_exit.o)
 .text          0x00000734        0x0 /usr/lib/gcc/avr/4.5.3/avr25/libgcc.a(_copy_data.o)
 .text          0x00000734        0x0 /usr/lib/gcc/avr/4.5.3/avr25/libgcc.a(_clear_bss.o)
 .text          0x00000734        0x0 /usr/lib/gcc/avr/4.5.3/../../../avr/lib/avr25/libc.a(memcpy.o)
                0x00000734                . = ALIGN (0x2)
 *(.text.*)
 .text.libgcc   0x00000734        0x0 /usr/lib/gcc/avr/4.5.3/avr25/libgcc.a(_exit.o)
 .text.libgcc   0x00000734        0x0 /usr/lib/gcc/avr/4.5.3/avr25/libgcc.a(_copy_data.o)
 .text.libgcc   0x00000734        0x0 /usr/lib/gcc/avr/4.5.3/avr25/libgcc.a(_clear_bss.o)
 .text.avr-libc
                0x00000734       0x12 /usr/lib/gcc/avr/4.5.3/../../../avr/lib/avr25/libc.a(memcpy.o)
                0x00000734                memcpy
                0x00000746                . = ALIGN (0x2)
 *(.fini9)
 .fini9         0x00000746        0x0 /usr/lib/gcc/avr/4.5.3/avr25/libgcc.a(_exit.o)
                0x00000746                exit
                0x00000746                _exit
 *(.fini9)
 *(.fini8)
 *(.fini8)
 *(.fini7)
 *(.fini7)
 *(.fini6)
 *(.fini6)
 *(.fini5)
 *(.fini5)
 *(.fini4)
 *(.fini4)
 *(.fini3)
 *(.fini3)
 *(.fini2)
 *(.fini2)
 *(.fini1)
 *(.fini1)
 *(.fini0)
 .fini0         0x00000746        0x4 /usr/lib/gcc/avr/4.5.3/avr25/libgcc.a(_exit.o)
 *(.fini0)
                0x0000074a                _etext = .

.data           0x00800060       0x54 load address 0x0000074a
                0x00800060                PROVIDE (__data_start, .)
 *(.data)
 .data          0x00800060        0x0 /usr/lib/gcc/avr/4.5.3/../../../avr/lib/avr25/crttn85.o
 .data          0x00800060        0x0 ./rf-node-tx-simple.o
 .data          0x00800060        0x0 ./rf-node.o
 .data          0x00800060       0x54 ./vwire.o
 .data          0x008000b4        0x0 /usr/lib/gcc/avr/4.5.3/avr25/libgcc.a(_exit.o)
 .data          0x008000b4        0x0 /usr/lib/gcc/avr/4.5.3/avr25/libgcc.a(_copy_data.o)
 .data          0x008000b4        0x0 /usr/lib/gcc/avr/4.5.3/avr25/libgcc.a(_clear_bss.o)
 .data          0x008000b4        0x0 /usr/lib/gcc/avr/4.5.3/../../../avr/lib/avr25/libc.a(memcpy.o)
 *(.data*)
 *(.rodata)
 *(.rodata*)
 *(.gnu.linkonce.d*)
                0x008000b4                . = ALIGN (0x2)
                0x008000b4                _edata = .
                0x008000b4                PROVIDE (__data_end, .)

.bss            0x008000b4       0x52
                0x008000b4                PROVIDE (__bss_start, .)
 *(.bss)
 .bss           0x008000b4        0x0 /usr/lib/gcc/avr/4.5.3/../../../avr/lib/avr25/crttn85.o
 .bss           0x008000b4        0x0 ./rf-node-tx-simple.o
 .bss           0x008000b4        0x0 ./rf-node.o
 .bss           0x008000b4       0x33 ./vwire.o
 .bss           0x008000e7        0x0 /usr/lib/gcc/avr/4.5.3/avr25/libgcc.a(_exit.o)
 .bss           0x008000e7        0x0 /usr/lib/gcc/avr/4.5.3/avr25/libgcc.a(_copy_data.o)
 .bss           0x008000e7        0x0 /usr/lib/gcc/avr/4.5.3/avr25/libgcc.a(_clear_bss.o)
 .bss           0x008000e7        0x0 /usr/lib/gcc/avr/4.5.3/../../../avr/lib/avr25/libc.a(memcpy.o)
 *(.bss*)
 *(COMMON)
 COMMON         0x008000e7       0x1f ./rf-node-tx-simple.o
                0x008000e7                msg
                0x00800102                delay_counter
                0x00800106                PROVIDE (__bss_end, .)
                0x0000074a                __data_load_start = LOADADDR (.data)
                0x0000079e                __data_load_end = (__data_load_start + SIZEOF (.data))

.noinit         0x00800106        0x2
                0x00800106                PROVIDE (__noinit_start, .)
 *(.noinit*)
 .noinit        0x00800106        0x1 ./rf-node-tx-simple.o
                0x00800106                seqnum
 .noinit        0x00800107        0x1 ./rf-node.o
                0x00800108                PROVIDE (__noinit_end, .)
                0x00800108                _end = .
                0x00800108                PROVIDE (__heap_start, .)

.eeprom         0x00810000        0x0
 *(.eeprom*)
                0x00810000                __eeprom_end = .

.fuse
 *(.fuse)
 *(.lfuse)
 *(.hfuse)
 *(.efuse)

.lock
 *(.lock*)

.signature
 *(.signature*)

.stab           0x00000000      0x750
 *(.stab)
 .stab          0x00000000      0x6cc /usr/lib/gcc/avr/4.5.3/../../../avr/lib/avr25/crttn85.o
 .stab          0x000006cc       0x84 /usr/lib/gcc/avr/4.5.3/../../../avr/lib/avr25/libc.a(memcpy.o)
                                 0x90 (size before relaxing)

.stabstr        0x00000000       0x82
 *(.stabstr)
 .stabstr       0x00000000       0x82 /usr/lib/gcc/avr/4.5.3/../../../avr/lib/avr25/crttn85.o

.stab.excl
 *(.stab.excl)

.stab.exclstr
 *(.stab.exclstr)

.stab.index
 *(.stab.index)

.stab.indexstr
 *(.stab.indexstr)

.comment
 *(.comment)

.debug
 *(.debug)

.line
 *(.line)

.debug_srcinfo
 *(.debug_srcinfo)

.debug_sfnames
 *(.debug_sfnames)

.debug_aranges
 *(.debug_aranges)

.debug_pubnames
 *(.debug_pubnames)

.debug_info
 *(.debug_info)
 *(.gnu.linkonce.wi.*)

.debug_abbrev
 *(.debug_abbrev)

.debug_line
 *(.debug_line)

.debug_frame
 *(.debug_frame)

.debug_str
 *(.debug_str)

.debug_loc
 *(.debug_loc)

.debug_macinfo
 *(.debug_macinfo)
OUTPUT(rf-node.elf elf32-avr)
LOAD linker stubs

Cross Reference Table

Symbol                                            File
__bad_interrupt                                   /usr/lib/gcc/avr/4.5.3/../../../avr/lib/avr25/crttn85.o
__bss_end                                         /usr/lib/gcc/avr/4.5.3/avr25/libgcc.a(_clear_bss.o)
__bss_start                                       /usr/lib/gcc/avr/4.5.3/avr25/libgcc.a(_clear_bss.o)
__data_end                                        /usr/lib/gcc/avr/4.5.3/avr25/libgcc.a(_copy_data.o)
__data_load_start                                 /usr/lib/gcc/avr/4.5.3/avr25/libgcc.a(_copy_data.o)
__data_start                                      /usr/lib/gcc/avr/4.5.3/avr25/libgcc.a(_copy_data.o)
__do_clear_bss                                    /usr/lib/gcc/avr/4.5.3/avr25/libgcc.a(_clear_bss.o)
                                                  ./vwire.o
                                                  ./rf-node.o
                                                  ./rf-node-tx-simple.o
__do_copy_data                                    /usr/lib/gcc/avr/4.5.3/avr25/libgcc.a(_copy_data.o)
                                                  ./vwire.o
__heap_end                                        /usr/lib/gcc/avr/4.5.3/../../../avr/lib/avr25/crttn85.o
__init                                            /usr/lib/gcc/avr/4.5.3/../../../avr/lib/avr25/crttn85.o
__stack                                           /usr/lib/gcc/avr/4.5.3/../../../avr/lib/avr25/crttn85.o
__vector_1                                        /usr/lib/gcc/avr/4.5.3/../../../avr/lib/avr25/crttn85.o
__vector_10                                       ./vwire.o
                                                  /usr/lib/gcc/avr/4.5.3/../../../avr/lib/avr25/crttn85.o
__vector_11                                       /usr/lib/gcc/avr/4.5.3/../../../avr/lib/avr25/crttn85.o
__vector_12                                       /usr/lib/gcc/avr/4.5.3/../../../avr/lib/avr25/crttn85.o
__vector_13                                       /usr/lib/gcc/avr/4.5.3/../../../avr/lib/avr25/crttn85.o
__vector_14                                       /usr/lib/gcc/avr/4.5.3/../../../avr/lib/avr25/crttn85.o
__vector_2                                        /usr/lib/gcc/avr/4.5.3/../../../avr/lib/avr25/crttn85.o
__vector_3                                        /usr/lib/gcc/avr/4.5.3/../../../avr/lib/avr25/crttn85.o
__vector_4                                        /usr/lib/gcc/avr/4.5.3/../../../avr/lib/avr25/crttn85.o
__vector_5                                        /usr/lib/gcc/avr/4.5.3/../../../avr/lib/avr25/crttn85.o
__vector_6                                        /usr/lib/gcc/avr/4.5.3/../../../avr/lib/avr25/crttn85.o
__vector_7                                        /usr/lib/gcc/avr/4.5.3/../../../avr/lib/avr25/crttn85.o
__vector_8                                        /usr/lib/gcc/avr/4.5.3/../../../avr/lib/avr25/crttn85.o
__vector_9                                        /usr/lib/gcc/avr/4.5.3/../../../avr/lib/avr25/crttn85.o
__vector_default                                  /usr/lib/gcc/avr/4.5.3/../../../avr/lib/avr25/crttn85.o
__vectors                                         /usr/lib/gcc/avr/4.5.3/../../../avr/lib/avr25/crttn85.o
_exit                                             /usr/lib/gcc/avr/4.5.3/avr25/libgcc.a(_exit.o)
delay_counter                                     ./rf-node.o
                                                  ./rf-node-tx-simple.o
exit                                              /usr/lib/gcc/avr/4.5.3/avr25/libgcc.a(_exit.o)
                                                  /usr/lib/gcc/avr/4.5.3/../../../avr/lib/avr25/crttn85.o
main                                              ./rf-node.o
                                                  ./rf-node-tx-simple.o
                                                  /usr/lib/gcc/avr/4.5.3/../../../avr/lib/avr25/crttn85.o
memcpy                                            /usr/lib/gcc/avr/4.5.3/../../../avr/lib/avr25/libc.a(memcpy.o)
                                                  ./vwire.o
msg                                               ./rf-node.o
                                                  ./rf-node-tx-simple.o
seqnum                                            ./rf-node.o
                                                  ./rf-node-tx-simple.o
vw_crc                                            ./vwire.o
vw_get_message                                    ./vwire.o
                                                  ./rf-node.o
vw_have_message                                   ./vwire.o
                                                  ./rf-node.o
vw_pll                                            ./vwire.o
vw_rx_start                                       ./vwire.o
                                                  ./rf-node.o
vw_rx_stop                                        ./vwire.o
vw_send                                           ./vwire.o
                                                  ./rf-node.o
                                                  ./rf-node-tx-simple.o
vw_setup                                          ./vwire.o
                                                  ./rf-node.o
                                                  ./rf-node-tx-simple.o
vw_symbol_6to4                                    ./vwire.o
vw_tx_active                                      ./vwire.o
                                                  ./rf-node.o
                                                  ./rf-node-tx-simple.o
vw_tx_start                                       ./vwire.o
vw_tx_stop                                        ./vwire.o
vw_wait_tx                                        ./vwire.o
